// Jest Snapshot v1, https://goo.gl/fbAQLP

exports[`@foo-software/lighthouse-check should match snapshot 1`] = `
Object {
  "fetchAndWaitForLighthouseAudits": [Function],
  "fetchLighthouseAudits": [Function],
  "lighthouseCheck": [Function],
  "triggerLighthouse": [Function],
}
`;
